2020/11/20 14:40:55 [error] 31484#12320: *20 connect() failed (10061: No connection could be made because the target machine actively refused it) while connecting to upstream, client: 192.168.1.79, server: , request: "GET / HTTP/1.1", upstream: "http://[::1]:33330/", host: "192.168.1.52:9090"
2020/11/20 14:41:28 [error] 31484#12320: *28 connect() failed (10061: No connection could be made because the target machine actively refused it) while connecting to upstream, client: 127.0.0.1, server: , request: "GET / HTTP/1.1", upstream: "http://[::1]:33330/", host: "127.0.0.1:9090"
2020/11/20 14:41:30 [error] 31484#12320: *28 connect() failed (10061: No connection could be made because the target machine actively refused it) while connecting to upstream, client: 127.0.0.1, server: , request: "GET / HTTP/1.1", upstream: "http://[::1]:33331/", host: "127.0.0.1:9090"
2020/11/20 14:41:30 [error] 31484#12320: *35 CreateFile() "E:/nginx-1.18.0/conf/demo/loadbalancing/app/favicon.ico" failed (2: The system cannot find the file specified), client: 127.0.0.1, server: , request: "GET /favicon.ico HTTP/1.0", host: "backend", referrer: "http://127.0.0.1:9090/"
2020/11/20 14:42:03 [error] 31484#12320: *40 connect() failed (10061: No connection could be made because the target machine actively refused it) while connecting to upstream, client: 192.168.1.41, server: , request: "GET / HTTP/1.1", upstream: "http://[::1]:33331/", host: "192.168.1.52:9090"
2020/11/20 14:42:05 [error] 31484#12320: *40 connect() failed (10061: No connection could be made because the target machine actively refused it) while connecting to upstream, client: 192.168.1.41, server: , request: "GET / HTTP/1.1", upstream: "http://[::1]:33330/", host: "192.168.1.52:9090"
2020/11/20 14:42:05 [error] 31484#12320: *47 CreateFile() "E:/nginx-1.18.0/conf/demo/loadbalancing/app1/favicon.ico" failed (2: The system cannot find the file specified), client: 127.0.0.1, server: , request: "GET /favicon.ico HTTP/1.0", host: "backend", referrer: "http://192.168.1.52:9090/"
2020/11/20 14:42:38 [error] 31484#12320: *48 connect() failed (10061: No connection could be made because the target machine actively refused it) while connecting to upstream, client: 192.168.1.62, server: , request: "GET / HTTP/1.1", upstream: "http://[::1]:33331/", host: "192.168.1.52:9090"
2020/11/20 14:42:40 [error] 31484#12320: *48 connect() failed (10061: No connection could be made because the target machine actively refused it) while connecting to upstream, client: 192.168.1.62, server: , request: "GET / HTTP/1.1", upstream: "http://[::1]:33330/", host: "192.168.1.52:9090"
2020/11/20 14:42:40 [error] 31484#12320: *55 CreateFile() "E:/nginx-1.18.0/conf/demo/loadbalancing/app1/favicon.ico" failed (2: The system cannot find the file specified), client: 127.0.0.1, server: , request: "GET /favicon.ico HTTP/1.0", host: "backend", referrer: "http://192.168.1.52:9090/"
2020/11/20 14:43:03 [error] 31484#12320: *56 connect() failed (10061: No connection could be made because the target machine actively refused it) while connecting to upstream, client: 192.168.1.24, server: , request: "GET / HTTP/1.1", upstream: "http://[::1]:33331/", host: "192.168.1.52:9090"
2020/11/20 14:43:05 [error] 31484#12320: *56 connect() failed (10061: No connection could be made because the target machine actively refused it) while connecting to upstream, client: 192.168.1.24, server: , request: "GET / HTTP/1.1", upstream: "http://[::1]:33330/", host: "192.168.1.52:9090"
2020/11/20 14:43:05 [error] 31484#12320: *63 CreateFile() "E:/nginx-1.18.0/conf/demo/loadbalancing/app1/favicon.ico" failed (2: The system cannot find the file specified), client: 127.0.0.1, server: , request: "GET /favicon.ico HTTP/1.0", host: "backend", referrer: "http://192.168.1.52:9090/"
2020/11/20 14:43:32 [error] 31484#12320: *65 connect() failed (10061: No connection could be made because the target machine actively refused it) while connecting to upstream, client: 192.168.1.13, server: , request: "GET / HTTP/1.1", upstream: "http://[::1]:33331/", host: "192.168.1.52:9090"
2020/11/20 14:43:34 [error] 31484#12320: *65 connect() failed (10061: No connection could be made because the target machine actively refused it) while connecting to upstream, client: 192.168.1.13, server: , request: "GET / HTTP/1.1", upstream: "http://[::1]:33330/", host: "192.168.1.52:9090"
2020/11/20 14:43:34 [error] 31484#12320: *71 CreateFile() "E:/nginx-1.18.0/conf/demo/loadbalancing/app1/favicon.ico" failed (2: The system cannot find the file specified), client: 127.0.0.1, server: , request: "GET /favicon.ico HTTP/1.0", host: "backend", referrer: "http://192.168.1.52:9090/"
2020/11/20 14:44:17 [error] 25768#32096: *1 connect() failed (10061: No connection could be made because the target machine actively refused it) while connecting to upstream, client: 192.168.1.79, server: , request: "GET / HTTP/1.1", upstream: "http://[::1]:33331/", host: "192.168.1.52:9090"
2020/11/20 14:44:19 [error] 25768#32096: *1 connect() failed (10061: No connection could be made because the target machine actively refused it) while connecting to upstream, client: 192.168.1.79, server: , request: "GET / HTTP/1.1", upstream: "http://[::1]:33330/", host: "192.168.1.52:9090"
2020/11/20 14:44:42 [error] 25768#32096: *22 connect() failed (10061: No connection could be made because the target machine actively refused it) while connecting to upstream, client: 192.168.1.52, server: , request: "GET / HTTP/1.1", upstream: "http://[::1]:33331/", host: "192.168.1.52:9090"
2020/11/20 14:44:44 [error] 25768#32096: *22 connect() failed (10061: No connection could be made because the target machine actively refused it) while connecting to upstream, client: 192.168.1.52, server: , request: "GET / HTTP/1.1", upstream: "http://[::1]:33330/", host: "192.168.1.52:9090"
2020/11/20 14:44:56 [error] 25768#32096: *23 connect() failed (10061: No connection could be made because the target machine actively refused it) while connecting to upstream, client: 192.168.1.52, server: , request: "GET / HTTP/1.1", upstream: "http://[::1]:33331/", host: "192.168.1.52:9090"
2020/11/20 14:44:58 [error] 25768#32096: *23 connect() failed (10061: No connection could be made because the target machine actively refused it) while connecting to upstream, client: 192.168.1.52, server: , request: "GET / HTTP/1.1", upstream: "http://[::1]:33330/", host: "192.168.1.52:9090"
2020/11/20 14:45:17 [error] 25768#32096: *50 connect() failed (10061: No connection could be made because the target machine actively refused it) while connecting to upstream, client: 127.0.0.1, server: , request: "GET / HTTP/1.1", upstream: "http://[::1]:33330/", host: "localhost:9090"
2020/11/20 14:45:19 [error] 25768#32096: *50 connect() failed (10061: No connection could be made because the target machine actively refused it) while connecting to upstream, client: 127.0.0.1, server: , request: "GET / HTTP/1.1", upstream: "http://[::1]:33331/", host: "localhost:9090"
2020/11/20 14:47:06 [error] 8244#15116: *60 connect() failed (10061: No connection could be made because the target machine actively refused it) while connecting to upstream, client: 192.168.1.79, server: , request: "GET / HTTP/1.1", upstream: "http://[::1]:33331/", host: "192.168.1.52:9090"
2020/11/20 14:47:08 [error] 8244#15116: *60 connect() failed (10061: No connection could be made because the target machine actively refused it) while connecting to upstream, client: 192.168.1.79, server: , request: "GET / HTTP/1.1", upstream: "http://[::1]:33330/", host: "192.168.1.52:9090"
2020/11/20 14:48:07 [error] 31028#29900: *75 CreateFile() "E:/nginx-1.18.0/conf/demo/loadbalancing/app1/favicon.ico" failed (2: The system cannot find the file specified), client: 192.168.1.79, server: , request: "GET /favicon.ico HTTP/1.1", host: "192.168.1.52:33331"
2020/11/20 14:48:10 [error] 31028#29900: *76 CreateFile() "E:/nginx-1.18.0/conf/demo/loadbalancing/app/favicon.ico" failed (2: The system cannot find the file specified), client: 192.168.1.79, server: , request: "GET /favicon.ico HTTP/1.1", host: "192.168.1.52:33330"
2020/11/20 14:48:19 [error] 31028#29900: *81 connect() failed (10061: No connection could be made because the target machine actively refused it) while connecting to upstream, client: 192.168.1.79, server: , request: "GET / HTTP/1.1", upstream: "http://[::1]:33331/", host: "192.168.1.52:9090"
2020/11/20 14:48:21 [error] 31028#29900: *81 connect() failed (10061: No connection could be made because the target machine actively refused it) while connecting to upstream, client: 192.168.1.79, server: , request: "GET / HTTP/1.1", upstream: "http://[::1]:33330/", host: "192.168.1.52:9090"
2020/11/20 14:53:47 [emerg] 29904#28380: unknown directive "fair" in E:/nginx-1.18.0/conf/demo/loadbalancing/loadbalancing.demo.nginx.conf:14
2020/11/20 14:54:19 [emerg] 31644#25572: unknown directive "fair" in E:/nginx-1.18.0/conf/demo/loadbalancing/loadbalancing.demo.nginx.conf:14
2020/11/20 14:54:58 [emerg] 29772#28028: unknown directive "fair" in E:/nginx-1.18.0/conf/demo/loadbalancing/loadbalancing.demo.nginx.conf:16
2020/11/20 14:55:53 [emerg] 21436#11776: invalid parameter "weight" in E:/nginx-1.18.0/conf/demo/loadbalancing/loadbalancing.demo.nginx.conf:14
2020/11/20 15:00:42 [emerg] 19560#25636: unknown directive "fair" in E:/nginx-1.18.0/conf/demo/loadbalancing/loadbalancing.demo.nginx.conf:16
2020/11/20 15:08:36 [emerg] 28316#20232: unknown directive "fair" in E:/nginx-1.18.0/conf/demo/loadbalancing/loadbalancing.demo.nginx.conf:16
2020/11/20 15:09:29 [emerg] 34020#34024: CreateFile() "E:/nginx-1.18.0/conf/demo/loadbalancing/static.demo.nginx.conf" failed (2: The system cannot find the file specified) in E:\nginx-1.18.0/conf/nginx.conf:123
2020/11/20 15:09:57 [crit] 30044#18072: *1 CreateFile() "F:\lp-workspace\gitlab\myfams
ewweb\src\main\webappesources/resources" failed (123: The filename, directory name, or volume label syntax is incorrect), client: 127.0.0.1, server: , request: "GET /resources HTTP/1.1", host: "localhost:9091"
2020/11/20 15:09:57 [error] 30044#18072: *2 CreateFile() "E:\nginx-1.18.0/html/favicon.ico" failed (2: The system cannot find the file specified), client: 127.0.0.1, server: , request: "GET /favicon.ico HTTP/1.1", host: "localhost:9091", referrer: "http://localhost:9091/resources"
2020/11/20 15:10:01 [crit] 30044#18072: *2 CreateFile() "F:\lp-workspace\gitlab\myfams
ewweb\src\main\webappesources/resources" failed (123: The filename, directory name, or volume label syntax is incorrect), client: 127.0.0.1, server: , request: "GET /resources HTTP/1.1", host: "localhost:9091"
2020/11/20 15:10:26 [crit] 30044#18072: *3 CreateFile() "F:\lp-workspace\gitlab\myfams
ewweb\src\main\webappesources/resources" failed (123: The filename, directory name, or volume label syntax is incorrect), client: 127.0.0.1, server: , request: "GET /resources HTTP/1.1", host: "localhost:9091"
2020/11/20 15:10:26 [crit] 30044#18072: *4 CreateFile() "F:\lp-workspace\gitlab\myfams
ewweb\src\main\webappesources/resources" failed (123: The filename, directory name, or volume label syntax is incorrect), client: 127.0.0.1, server: , request: "GET /resources HTTP/1.1", host: "localhost:9091"
2020/11/20 15:10:33 [crit] 30044#18072: *5 CreateFile() "F:\lp-workspace\gitlab\myfams
ewweb\src\main\webappesources/resources" failed (123: The filename, directory name, or volume label syntax is incorrect), client: 127.0.0.1, server: , request: "GET /resources HTTP/1.1", host: "localhost:9091"
2020/11/20 15:10:44 [error] 34540#25728: *1 CreateFile() "F:/lp-workspace/gitlab/myfams/newweb/src/main/webapp/resources/resources" failed (2: The system cannot find the file specified), client: 127.0.0.1, server: , request: "GET /resources HTTP/1.1", host: "localhost:9091"
2020/11/20 15:10:45 [error] 34540#25728: *1 CreateFile() "F:/lp-workspace/gitlab/myfams/newweb/src/main/webapp/resources/resources" failed (2: The system cannot find the file specified), client: 127.0.0.1, server: , request: "GET /resources HTTP/1.1", host: "localhost:9091"
2020/11/20 15:13:16 [error] 31772#31248: *4 "F:/lp-workspace/gitlab/myfams/newweb/src/main/webapp/resources/resources/index.html" is not found (3: The system cannot find the path specified), client: 127.0.0.1, server: , request: "GET /resources/ HTTP/1.1", host: "localhost:9091"
2020/11/20 15:13:27 [error] 31772#31248: *4 CreateFile() "F:/lp-workspace/gitlab/myfams/newweb/src/main/webapp/resources/resources/pageCss" failed (3: The system cannot find the path specified), client: 127.0.0.1, server: , request: "GET /resources/pageCss HTTP/1.1", host: "localhost:9091"
2020/11/20 15:13:38 [error] 31772#31248: *4 CreateFile() "F:/lp-workspace/gitlab/myfams/newweb/src/main/webapp/resources/resources/pageCss/sysPara" failed (3: The system cannot find the path specified), client: 127.0.0.1, server: , request: "GET /resources/pageCss/sysPara HTTP/1.1", host: "localhost:9091"
2020/11/20 15:13:43 [error] 31772#31248: *4 CreateFile() "F:/lp-workspace/gitlab/myfams/newweb/src/main/webapp/resources/resources/pageCss/sysPara/sysPara.css" failed (3: The system cannot find the path specified), client: 127.0.0.1, server: , request: "GET /resources/pageCss/sysPara/sysPara.css HTTP/1.1", host: "localhost:9091"
2020/11/20 15:13:47 [error] 31772#31248: *4 CreateFile() "E:\nginx-1.18.0/html/pageCss/sysPara/sysPara.css" failed (3: The system cannot find the path specified), client: 127.0.0.1, server: , request: "GET /pageCss/sysPara/sysPara.css HTTP/1.1", host: "localhost:9091"
2020/11/20 15:13:49 [error] 31772#31248: *4 CreateFile() "E:\nginx-1.18.0/html/pageCss/sysPara/sysPara.css" failed (3: The system cannot find the path specified), client: 127.0.0.1, server: , request: "GET /pageCss/sysPara/sysPara.css HTTP/1.1", host: "localhost:9091"
2020/11/20 15:13:58 [error] 31772#31248: *4 CreateFile() "E:\nginx-1.18.0/html/resources" failed (2: The system cannot find the file specified), client: 127.0.0.1, server: , request: "GET /resources HTTP/1.1", host: "localhost:9091"
2020/11/20 15:14:01 [error] 31772#31248: *4 "F:/lp-workspace/gitlab/myfams/newweb/src/main/webapp/resources/resources/index.html" is not found (3: The system cannot find the path specified), client: 127.0.0.1, server: , request: "GET /resources/ HTTP/1.1", host: "localhost:9091"
2020/11/20 15:14:46 [error] 34512#34560: *1 "F:/lp-workspace/gitlab/myfams/newweb/src/main/webapp/resources/resources/index.html" is not found (3: The system cannot find the path specified), client: 127.0.0.1, server: , request: "GET /resources/ HTTP/1.1", host: "localhost:9091"
2020/11/20 15:14:47 [error] 34512#34560: *1 "F:/lp-workspace/gitlab/myfams/newweb/src/main/webapp/resources/resources/index.html" is not found (3: The system cannot find the path specified), client: 127.0.0.1, server: , request: "GET /resources/ HTTP/1.1", host: "localhost:9091"
2020/11/20 15:14:48 [error] 34512#34560: *1 "F:/lp-workspace/gitlab/myfams/newweb/src/main/webapp/resources/resources/index.html" is not found (3: The system cannot find the path specified), client: 127.0.0.1, server: , request: "GET /resources/ HTTP/1.1", host: "localhost:9091"
2020/11/20 15:14:48 [error] 34512#34560: *1 "F:/lp-workspace/gitlab/myfams/newweb/src/main/webapp/resources/resources/index.html" is not found (3: The system cannot find the path specified), client: 127.0.0.1, server: , request: "GET /resources/ HTTP/1.1", host: "localhost:9091"
2020/11/20 15:14:49 [error] 34512#34560: *1 "F:/lp-workspace/gitlab/myfams/newweb/src/main/webapp/resources/resources/index.html" is not found (3: The system cannot find the path specified), client: 127.0.0.1, server: , request: "GET /resources/ HTTP/1.1", host: "localhost:9091"
2020/11/20 15:14:51 [error] 34512#34560: *1 CreateFile() "F:/lp-workspace/gitlab/myfams/newweb/src/main/webapp/resources/resources/a" failed (3: The system cannot find the path specified), client: 127.0.0.1, server: , request: "GET /resources/a HTTP/1.1", host: "localhost:9091"
2020/11/20 15:14:52 [error] 34512#34560: *1 "F:/lp-workspace/gitlab/myfams/newweb/src/main/webapp/resources/resources/index.html" is not found (3: The system cannot find the path specified), client: 127.0.0.1, server: , request: "GET /resources/ HTTP/1.1", host: "localhost:9091"
2020/11/20 15:15:00 [error] 34512#34560: *1 "F:/lp-workspace/gitlab/myfams/newweb/src/main/webapp/resources/resources/index.html" is not found (3: The system cannot find the path specified), client: 127.0.0.1, server: , request: "GET /resources/ HTTP/1.1", host: "localhost:9091"
2020/11/20 15:16:03 [error] 34512#34560: *1 CreateFile() "F:/lp-workspace/gitlab/myfams/newweb/src/main/webapp/resources/resources/resources/sensitiveLib/.txt" failed (3: The system cannot find the path specified), client: 127.0.0.1, server: , request: "GET /resources/resources/sensitiveLib/%E8%B4%AA%E8%85%90%E8%AF%8D%E5%BA%93.txt HTTP/1.1", host: "localhost:9091"
2020/11/20 15:16:05 [error] 34512#34560: *1 CreateFile() "F:/lp-workspace/gitlab/myfams/newweb/src/main/webapp/resources/resources/sensitiveLib/.txt" failed (3: The system cannot find the path specified), client: 127.0.0.1, server: , request: "GET /resources/sensitiveLib/%E8%B4%AA%E8%85%90%E8%AF%8D%E5%BA%93.txt HTTP/1.1", host: "localhost:9091"
2020/11/20 15:16:07 [error] 34512#34560: *1 CreateFile() "E:\nginx-1.18.0/html/sensitiveLib/.txt" failed (3: The system cannot find the path specified), client: 127.0.0.1, server: , request: "GET //sensitiveLib/%E8%B4%AA%E8%85%90%E8%AF%8D%E5%BA%93.txt HTTP/1.1", host: "localhost:9091"
2020/11/20 15:16:09 [error] 34512#34560: *1 CreateFile() "E:\nginx-1.18.0/html/sensitiveLib/.txt" failed (3: The system cannot find the path specified), client: 127.0.0.1, server: , request: "GET /sensitiveLib/%E8%B4%AA%E8%85%90%E8%AF%8D%E5%BA%93.txt HTTP/1.1", host: "localhost:9091"
2020/11/20 15:16:12 [error] 34512#34560: *1 CreateFile() "F:/lp-workspace/gitlab/myfams/newweb/src/main/webapp/resources/resources/sensitiveLib/.txt" failed (3: The system cannot find the path specified), client: 127.0.0.1, server: , request: "GET /resources/sensitiveLib/%E8%B4%AA%E8%85%90%E8%AF%8D%E5%BA%93.txt HTTP/1.1", host: "localhost:9091"
2020/11/20 15:16:13 [error] 34512#34560: *1 CreateFile() "F:/lp-workspace/gitlab/myfams/newweb/src/main/webapp/resources/resources/sensitiveLib/.txt" failed (3: The system cannot find the path specified), client: 127.0.0.1, server: , request: "GET /resources/sensitiveLib/%E8%B4%AA%E8%85%90%E8%AF%8D%E5%BA%93.txt HTTP/1.1", host: "localhost:9091"
2020/11/20 15:16:13 [error] 34512#34560: *1 CreateFile() "F:/lp-workspace/gitlab/myfams/newweb/src/main/webapp/resources/resources/sensitiveLib/.txt" failed (3: The system cannot find the path specified), client: 127.0.0.1, server: , request: "GET /resources/sensitiveLib/%E8%B4%AA%E8%85%90%E8%AF%8D%E5%BA%93.txt HTTP/1.1", host: "localhost:9091"
2020/11/20 15:16:14 [error] 34512#34560: *1 CreateFile() "F:/lp-workspace/gitlab/myfams/newweb/src/main/webapp/resources/resources/sensitiveLib/.txt" failed (3: The system cannot find the path specified), client: 127.0.0.1, server: , request: "GET /resources/sensitiveLib/%E8%B4%AA%E8%85%90%E8%AF%8D%E5%BA%93.txt HTTP/1.1", host: "localhost:9091"
2020/11/20 15:16:14 [error] 34512#34560: *1 CreateFile() "F:/lp-workspace/gitlab/myfams/newweb/src/main/webapp/resources/resources/sensitiveLib/.txt" failed (3: The system cannot find the path specified), client: 127.0.0.1, server: , request: "GET /resources/sensitiveLib/%E8%B4%AA%E8%85%90%E8%AF%8D%E5%BA%93.txt HTTP/1.1", host: "localhost:9091"
2020/11/20 15:18:34 [error] 34592#29336: *1 CreateFile() "F:/lp-workspace/gitlab/myfams/newweb/src/main/webapp/resources/resources/sensitiveLib/.txt" failed (3: The system cannot find the path specified), client: 127.0.0.1, server: , request: "GET /resources/sensitiveLib/%E8%B4%AA%E8%85%90%E8%AF%8D%E5%BA%93.txt HTTP/1.1", host: "localhost:9091"
2020/11/20 15:18:34 [error] 34592#29336: *1 CreateFile() "F:/lp-workspace/gitlab/myfams/newweb/src/main/webapp/resources/resources/sensitiveLib/.txt" failed (3: The system cannot find the path specified), client: 127.0.0.1, server: , request: "GET /resources/sensitiveLib/%E8%B4%AA%E8%85%90%E8%AF%8D%E5%BA%93.txt HTTP/1.1", host: "localhost:9091"
2020/11/20 15:18:35 [error] 34592#29336: *1 CreateFile() "F:/lp-workspace/gitlab/myfams/newweb/src/main/webapp/resources/resources/sensitiveLib/.txt" failed (3: The system cannot find the path specified), client: 127.0.0.1, server: , request: "GET /resources/sensitiveLib/%E8%B4%AA%E8%85%90%E8%AF%8D%E5%BA%93.txt HTTP/1.1", host: "localhost:9091"
2020/11/20 15:18:48 [error] 34592#29336: *1 "F:/lp-workspace/gitlab/myfams/newweb/src/main/webapp/resources/resources/index.html" is not found (3: The system cannot find the path specified), client: 127.0.0.1, server: , request: "GET /resources/ HTTP/1.1", host: "localhost:9091"
2020/11/20 15:19:07 [error] 34592#29336: *1 "F:/lp-workspace/gitlab/myfams/newweb/src/main/webapp/resources/resources/pageJs/businessAnalysis/bondInfoCheck/index.html" is not found (3: The system cannot find the path specified), client: 127.0.0.1, server: , request: "GET /resources/pageJs/businessAnalysis/bondInfoCheck/ HTTP/1.1", host: "localhost:9091"
2020/11/20 15:19:18 [error] 34592#29336: *1 CreateFile() "F:/lp-workspace/gitlab/myfams/newweb/src/main/webapp/resources/resources/pageJs/businessAnalysis/bondInfoCheck/checkSetting.js" failed (3: The system cannot find the path specified), client: 127.0.0.1, server: , request: "GET /resources/pageJs/businessAnalysis/bondInfoCheck/checkSetting.js HTTP/1.1", host: "localhost:9091"
2020/11/20 15:19:19 [error] 34592#29336: *1 CreateFile() "F:/lp-workspace/gitlab/myfams/newweb/src/main/webapp/resources/resources/pageJs/businessAnalysis/bondInfoCheck/checkSetting.js" failed (3: The system cannot find the path specified), client: 127.0.0.1, server: , request: "GET /resources/pageJs/businessAnalysis/bondInfoCheck/checkSetting.js HTTP/1.1", host: "localhost:9091"
2020/11/20 15:19:23 [error] 34592#29336: *1 CreateFile() "F:/lp-workspace/gitlab/myfams/newweb/src/main/webapp/resources/resources/pageJs/businessAnalysis/bondInfoCheck/checkSetting.js" failed (3: The system cannot find the path specified), client: 127.0.0.1, server: , request: "GET /resources/pageJs/businessAnalysis/bondInfoCheck/checkSetting.js HTTP/1.1", host: "localhost:9091"
2020/11/20 15:23:35 [error] 32812#26936: *1 CreateFile() "F:/lp-workspace/gitlab/myfams/newweb/src/main/webapp/resources/resources/pageJs/businessAnalysis/bondInfoCheck/checkSetting.js" failed (3: The system cannot find the path specified), client: 127.0.0.1, server: , request: "GET /resources/pageJs/businessAnalysis/bondInfoCheck/checkSetting.js HTTP/1.1", host: "localhost:9091"
2020/11/20 15:23:35 [error] 32812#26936: *1 CreateFile() "F:/lp-workspace/gitlab/myfams/newweb/src/main/webapp/resources/resources/pageJs/businessAnalysis/bondInfoCheck/checkSetting.js" failed (3: The system cannot find the path specified), client: 127.0.0.1, server: , request: "GET /resources/pageJs/businessAnalysis/bondInfoCheck/checkSetting.js HTTP/1.1", host: "localhost:9091"
2020/11/20 15:23:39 [error] 32812#26936: *1 CreateFile() "E:\nginx-1.18.0/html/pageJs/businessAnalysis/bondInfoCheck/checkSetting.js" failed (3: The system cannot find the path specified), client: 127.0.0.1, server: , request: "GET /pageJs/businessAnalysis/bondInfoCheck/checkSetting.js HTTP/1.1", host: "localhost:9091"
2020/11/20 15:23:45 [error] 32812#26936: *1 CreateFile() "F:/lp-workspace/gitlab/myfams/newweb/src/main/webapp/resources/resources/resources/pageJs/businessAnalysis/bondInfoCheck/checkSetting.js" failed (3: The system cannot find the path specified), client: 127.0.0.1, server: , request: "GET /resources/resources/pageJs/businessAnalysis/bondInfoCheck/checkSetting.js HTTP/1.1", host: "localhost:9091"
2020/11/20 15:24:58 [error] 14512#3136: *1 "F:/lp-workspace/gitlab/myfams/newweb/src/main/webapp/resources/resources/index.html" is not found (3: The system cannot find the path specified), client: 127.0.0.1, server: , request: "GET /resources/ HTTP/1.1", host: "localhost:9091"
2020/11/20 15:24:59 [error] 14512#3136: *1 "F:/lp-workspace/gitlab/myfams/newweb/src/main/webapp/resources/resources/index.html" is not found (3: The system cannot find the path specified), client: 127.0.0.1, server: , request: "GET /resources/ HTTP/1.1", host: "localhost:9091"
2020/11/20 15:24:59 [error] 14512#3136: *1 "F:/lp-workspace/gitlab/myfams/newweb/src/main/webapp/resources/resources/index.html" is not found (3: The system cannot find the path specified), client: 127.0.0.1, server: , request: "GET /resources/ HTTP/1.1", host: "localhost:9091"
2020/11/20 15:35:30 [error] 14512#3136: *4 "F:/lp-workspace/gitlab/myfams/newweb/src/main/webapp/resources/resources/index.html" is not found (3: The system cannot find the path specified), client: 127.0.0.1, server: , request: "GET /resources/ HTTP/1.1", host: "localhost:9091"
2020/11/20 15:35:31 [error] 14512#3136: *4 "F:/lp-workspace/gitlab/myfams/newweb/src/main/webapp/resources/resources/index.html" is not found (3: The system cannot find the path specified), client: 127.0.0.1, server: , request: "GET /resources/ HTTP/1.1", host: "localhost:9091"
2020/11/20 15:36:13 [error] 14512#3136: *4 "F:/lp-workspace/gitlab/myfams/newweb/src/main/webapp/resources/resources/index.html" is not found (3: The system cannot find the path specified), client: 127.0.0.1, server: , request: "GET /resources/ HTTP/1.1", host: "localhost:9091"
2020/11/20 15:37:49 [error] 14512#3136: *7 CreateFile() "E:\nginx-1.18.0/html/resources" failed (2: The system cannot find the file specified), client: 127.0.0.1, server: , request: "GET /resources HTTP/1.1", host: "localhost:9091"
2020/11/20 15:40:59 [error] 33108#34360: *1 CreateFile() "E:\nginx-1.18.0/html/resources" failed (2: The system cannot find the file specified), client: 127.0.0.1, server: , request: "GET /resources HTTP/1.1", host: "localhost:9091"
2020/11/20 15:41:00 [error] 33108#34360: *1 CreateFile() "E:\nginx-1.18.0/html/resources" failed (2: The system cannot find the file specified), client: 127.0.0.1, server: , request: "GET /resources HTTP/1.1", host: "localhost:9091"
2020/11/20 15:41:03 [error] 33108#34360: *1 "F:/lp-workspace/gitlab/myfams/newweb/src/main/webapp/resources/resources/index.html" is not found (3: The system cannot find the path specified), client: 127.0.0.1, server: , request: "GET /resources/ HTTP/1.1", host: "localhost:9091"
2020/11/20 15:41:05 [error] 33108#34360: *1 "F:/lp-workspace/gitlab/myfams/newweb/src/main/webapp/resources/resources/index.html" is not found (3: The system cannot find the path specified), client: 127.0.0.1, server: , request: "GET /resources/ HTTP/1.1", host: "localhost:9091"
2020/11/20 15:41:07 [error] 33108#34360: *1 "F:/lp-workspace/gitlab/myfams/newweb/src/main/webapp/resources/resources/index.html" is not found (3: The system cannot find the path specified), client: 127.0.0.1, server: , request: "GET /resources/ HTTP/1.1", host: "localhost:9091"
2020/11/20 15:41:24 [error] 31620#26880: *1 "F:/lp-workspace/gitlab/myfams/newweb/src/main/webapp/resources/resources/index.html" is not found (3: The system cannot find the path specified), client: 127.0.0.1, server: , request: "GET /resources/ HTTP/1.1", host: "localhost:9091"
2020/11/20 15:41:24 [error] 31620#26880: *1 "F:/lp-workspace/gitlab/myfams/newweb/src/main/webapp/resources/resources/index.html" is not found (3: The system cannot find the path specified), client: 127.0.0.1, server: , request: "GET /resources/ HTTP/1.1", host: "localhost:9091"
2020/11/20 15:41:25 [error] 31620#26880: *1 "F:/lp-workspace/gitlab/myfams/newweb/src/main/webapp/resources/resources/index.html" is not found (3: The system cannot find the path specified), client: 127.0.0.1, server: , request: "GET /resources/ HTTP/1.1", host: "localhost:9091"
2020/11/20 15:41:25 [error] 31620#26880: *1 "F:/lp-workspace/gitlab/myfams/newweb/src/main/webapp/resources/resources/index.html" is not found (3: The system cannot find the path specified), client: 127.0.0.1, server: , request: "GET /resources/ HTTP/1.1", host: "localhost:9091"
2020/11/20 15:41:25 [error] 31620#26880: *1 "F:/lp-workspace/gitlab/myfams/newweb/src/main/webapp/resources/resources/index.html" is not found (3: The system cannot find the path specified), client: 127.0.0.1, server: , request: "GET /resources/ HTTP/1.1", host: "localhost:9091"
2020/11/20 15:41:26 [error] 31620#26880: *1 "F:/lp-workspace/gitlab/myfams/newweb/src/main/webapp/resources/resources/index.html" is not found (3: The system cannot find the path specified), client: 127.0.0.1, server: , request: "GET /resources/ HTTP/1.1", host: "localhost:9091"
2020/11/20 15:41:26 [error] 31620#26880: *1 "F:/lp-workspace/gitlab/myfams/newweb/src/main/webapp/resources/resources/index.html" is not found (3: The system cannot find the path specified), client: 127.0.0.1, server: , request: "GET /resources/ HTTP/1.1", host: "localhost:9091"
2020/11/20 15:41:26 [error] 31620#26880: *1 "F:/lp-workspace/gitlab/myfams/newweb/src/main/webapp/resources/resources/index.html" is not found (3: The system cannot find the path specified), client: 127.0.0.1, server: , request: "GET /resources/ HTTP/1.1", host: "localhost:9091"
2020/11/20 15:41:26 [error] 31620#26880: *1 "F:/lp-workspace/gitlab/myfams/newweb/src/main/webapp/resources/resources/index.html" is not found (3: The system cannot find the path specified), client: 127.0.0.1, server: , request: "GET /resources/ HTTP/1.1", host: "localhost:9091"
2020/11/20 15:41:27 [error] 31620#26880: *1 "F:/lp-workspace/gitlab/myfams/newweb/src/main/webapp/resources/resources/index.html" is not found (3: The system cannot find the path specified), client: 127.0.0.1, server: , request: "GET /resources/ HTTP/1.1", host: "localhost:9091"
2020/11/20 15:41:28 [error] 31620#26880: *1 "F:/lp-workspace/gitlab/myfams/newweb/src/main/webapp/resources/resources/index.html" is not found (3: The system cannot find the path specified), client: 127.0.0.1, server: , request: "GET /resources/ HTTP/1.1", host: "localhost:9091"
2020/11/20 15:42:23 [error] 33076#30040: *1 "E:\nginx-1.18.0/html/resources/index.html" is not found (3: The system cannot find the path specified), client: 127.0.0.1, server: , request: "GET /resources/ HTTP/1.1", host: "localhost:9091"
2020/11/20 15:42:31 [error] 33076#30040: *1 "F:/lp-workspace/gitlab/myfams/newweb/src/main/webapp/resources/pageJs/businessAnalysis/bondInfoCheck/bondInfoCheck/index.html" is not found (3: The system cannot find the path specified), client: 127.0.0.1, server: , request: "GET /bondInfoCheck/ HTTP/1.1", host: "localhost:9091"
2020/11/20 15:42:32 [error] 33076#30040: *1 "F:/lp-workspace/gitlab/myfams/newweb/src/main/webapp/resources/pageJs/businessAnalysis/bondInfoCheck/bondInfoCheck/index.html" is not found (3: The system cannot find the path specified), client: 127.0.0.1, server: , request: "GET /bondInfoCheck/ HTTP/1.1", host: "localhost:9091"
2020/11/20 15:43:30 [error] 19524#30844: *1 "E:\nginx-1.18.0/html/bondInfoCheck/index.html" is not found (3: The system cannot find the path specified), client: 127.0.0.1, server: , request: "GET /bondInfoCheck/ HTTP/1.1", host: "localhost:9091"
2020/11/20 16:09:23 [emerg] 34252#23976: CreateFile() "E:/nginx-1.18.0/conf/demo/static/java.demo.nginx.conf" failed (2: The system cannot find the file specified) in E:\nginx-1.18.0/conf/nginx.conf:129
2020/11/20 16:10:22 [error] 30548#32704: *1 CreateFile() "E:\nginx-1.18.0/html/favicon.ico" failed (2: The system cannot find the file specified), client: 127.0.0.1, server: , request: "GET /favicon.ico HTTP/1.1", host: "localhost:23262", referrer: "http://localhost:23262/myfams/rest/organization/login/web/menuData"
2020/11/20 17:17:34 [emerg] 22284#20056: CreateFile() "E:/nginx-1.18.0/conf/demo/websocket.demo.nginx.conf" failed (2: The system cannot find the file specified) in E:\nginx-1.18.0/conf/nginx.conf:120
2020/12/04 11:05:52 [error] 11328#21588: *1 CreateFile() "E:\nginx-1.18.0/html/favicon.ico" failed (2: The system cannot find the file specified), client: 192.168.1.52, server: localhost, request: "GET /favicon.ico HTTP/1.1", host: "192.168.1.52:81", referrer: "http://192.168.1.52:81/"
2020/12/09 17:43:38 [emerg] 12892#23172: unknown "mainservice" variable
2020/12/09 17:44:04 [emerg] 13152#25012: unknown "mainservice" variable
2020/12/09 17:44:19 [emerg] 26264#21708: unknown "mainservice" variable
2020/12/09 17:44:43 [emerg] 10540#29904: unknown "mainservice" variable
2020/12/09 17:45:29 [emerg] 22328#27804: unknown "mainservice" variable
2020/12/09 17:49:32 [emerg] 33024#12868: unknown directive "set_by_lua" in E:/nginx-1.18.0/conf/myfams.nginx.conf:4
2020/12/09 17:49:56 [emerg] 21172#21432: unknown directive "set_by_lua" in E:\nginx-1.18.0/conf/nginx.conf:12
2020/12/09 17:52:57 [emerg] 5020#30188: directive "root" is not terminated by ";" in E:/nginx-1.18.0/conf/myfams.nginx.conf:10
2020/12/09 17:53:50 [emerg] 31432#12364: directive "root" is not terminated by ";" in E:/nginx-1.18.0/conf/myfams.nginx.conf:10
2020/12/09 17:55:09 [emerg] 33404#13296: unknown "mainservice" variable
2020/12/09 17:56:06 [emerg] 22592#2680: unknown "mainservice" variable
2020/12/09 17:56:24 [emerg] 26052#11340: invalid URL prefix in E:/nginx-1.18.0/conf/myfams.nginx.conf:17
2020/12/09 18:01:38 [emerg] 20784#29820: directive "root" is not terminated by ";" in E:/nginx-1.18.0/conf/myfams.nginx.conf:10
2020/12/09 18:02:12 [emerg] 26380#704: unexpected "m" in E:/nginx-1.18.0/conf/myfams.nginx.conf:10
2020/12/09 18:02:24 [emerg] 30908#22188: unexpected "m" in E:/nginx-1.18.0/conf/myfams.nginx.conf:10
2020/12/09 18:02:52 [emerg] 12232#31804: unknown "env" variable
2020/12/09 18:06:21 [emerg] 36412#32956: "set" directive is not allowed here in E:/nginx-1.18.0/conf/myfams.nginx.conf:8
2020/12/09 18:06:36 [emerg] 14016#5112: "set" directive is not allowed here in E:\nginx-1.18.0/conf/nginx.conf:15
2020/12/09 18:07:31 [emerg] 14828#24248: invalid number of arguments in "set" directive in E:/nginx-1.18.0/conf/myfams.nginx.conf:14
2020/12/09 18:07:59 [emerg] 3500#12868: "set" directive is not allowed here in E:\nginx-1.18.0/conf/nginx.conf:16
2020/12/09 18:08:18 [emerg] 1372#11372: directive "set" is not terminated by ";" in E:/nginx-1.18.0/conf/myfams.nginx.conf:12
2020/12/09 18:08:35 [emerg] 384#21008: invalid variable name "mainservice" in E:/nginx-1.18.0/conf/myfams.nginx.conf:9
2020/12/09 18:10:43 [error] 35736#4244: *1 no resolver defined to resolve localhost, client: 192.168.1.52, server: , request: "POST /myfams/rest/organization/tableInfo/web/querySearch HTTP/1.1", host: "192.168.1.52:10003", referrer: "http://192.168.1.52:10003/"
2020/12/09 18:10:43 [error] 35736#4244: *2 no resolver defined to resolve localhost, client: 192.168.1.52, server: , request: "GET /myfams/rest/organization/login/web/menuData HTTP/1.1", host: "192.168.1.52:10003", referrer: "http://192.168.1.52:10003/"
2020/12/09 18:10:43 [error] 35736#4244: *3 no resolver defined to resolve localhost, client: 192.168.1.52, server: , request: "POST /myfams/rest/organization/user/web/queryPermissions HTTP/1.1", host: "192.168.1.52:10003", referrer: "http://192.168.1.52:10003/"
2020/12/09 18:10:43 [error] 35736#4244: *4 no resolver defined to resolve localhost, client: 192.168.1.52, server: , request: "POST /myfams/rest/parameter/recrutiment/web/querySetCodeByUserId HTTP/1.1", host: "192.168.1.52:10003", referrer: "http://192.168.1.52:10003/"
2020/12/09 18:10:43 [error] 35736#4244: *5 no resolver defined to resolve localhost, client: 192.168.1.52, server: , request: "POST /myfams/rest/organization/user/web/queryPostUser HTTP/1.1", host: "192.168.1.52:10003", referrer: "http://192.168.1.52:10003/"
2020/12/09 18:10:43 [error] 35736#4244: *3 no resolver defined to resolve localhost, client: 192.168.1.52, server: , request: "GET /myfams/rest/organization/login/web/queryVersionDesc HTTP/1.1", host: "192.168.1.52:10003", referrer: "http://192.168.1.52:10003/"
2020/12/09 18:10:43 [error] 35736#4244: *4 no resolver defined to resolve localhost, client: 192.168.1.52, server: , request: "GET /myfams/rest/organization/user/web/getUserInfoById HTTP/1.1", host: "192.168.1.52:10003", referrer: "http://192.168.1.52:10003/"
2020/12/09 18:10:43 [error] 35736#4244: *5 no resolver defined to resolve localhost, client: 192.168.1.52, server: , request: "POST /myfams/rest/parameter/messagemanage/web/queryValidMessage HTTP/1.1", host: "192.168.1.52:10003", referrer: "http://192.168.1.52:10003/"
2020/12/09 18:10:50 [error] 35736#4244: *5 no resolver defined to resolve localhost, client: 192.168.1.52, server: , request: "POST /myfams/rest/organization/login/web/logout HTTP/1.1", host: "192.168.1.52:10003", referrer: "http://192.168.1.52:10003/"
2020/12/09 18:10:54 [error] 35736#4244: *5 no resolver defined to resolve localhost, client: 192.168.1.52, server: , request: "POST /myfams/rest/organization/login/web/login HTTP/1.1", host: "192.168.1.52:10003", referrer: "http://192.168.1.52:10003/"
2020/12/09 18:20:37 [error] 24816#4000: *6 no resolver defined to resolve localhost, client: 192.168.1.52, server: , request: "OPTIONS /myfams/rest/parameter/recrutiment/web/querySetCodeByUserId HTTP/1.1", host: "192.168.1.52:10003", referrer: "http://localhost:10003/"
2020/12/09 18:20:37 [error] 24816#4000: *7 no resolver defined to resolve localhost, client: 192.168.1.52, server: , request: "OPTIONS /myfams/rest/organization/tableInfo/web/querySearch HTTP/1.1", host: "192.168.1.52:10003", referrer: "http://localhost:10003/"
2020/12/09 18:20:37 [error] 24816#4000: *8 no resolver defined to resolve localhost, client: 192.168.1.52, server: , request: "OPTIONS /myfams/rest/organization/user/web/queryPostUser HTTP/1.1", host: "192.168.1.52:10003", referrer: "http://localhost:10003/"
2020/12/09 18:20:37 [error] 24816#4000: *9 no resolver defined to resolve localhost, client: 192.168.1.52, server: , request: "OPTIONS /myfams/rest/organization/login/web/menuData HTTP/1.1", host: "192.168.1.52:10003", referrer: "http://localhost:10003/"
2020/12/09 18:20:37 [error] 24816#4000: *10 no resolver defined to resolve localhost, client: 192.168.1.52, server: , request: "OPTIONS /myfams/rest/organization/login/web/queryVersionDesc HTTP/1.1", host: "192.168.1.52:10003", referrer: "http://localhost:10003/"
2020/12/09 18:20:37 [error] 24816#4000: *6 no resolver defined to resolve localhost, client: 192.168.1.52, server: , request: "OPTIONS /myfams/rest/organization/user/web/queryPermissions HTTP/1.1", host: "192.168.1.52:10003", referrer: "http://localhost:10003/"
2020/12/09 18:20:37 [error] 24816#4000: *9 no resolver defined to resolve localhost, client: 192.168.1.52, server: , request: "OPTIONS /myfams/rest/parameter/messagemanage/web/queryValidMessage HTTP/1.1", host: "192.168.1.52:10003", referrer: "http://localhost:10003/"
2020/12/09 18:20:37 [error] 24816#4000: *10 no resolver defined to resolve localhost, client: 192.168.1.52, server: , request: "OPTIONS /myfams/rest/organization/user/web/getUserInfoById HTTP/1.1", host: "192.168.1.52:10003", referrer: "http://localhost:10003/"
2020/12/09 18:20:41 [error] 24816#4000: *12 CreateFile() "E:\nginx-1.18.0/html/favicon.ico" failed (2: The system cannot find the file specified), client: 127.0.0.1, server: , request: "GET /favicon.ico HTTP/1.1", host: "localhost:10001", referrer: "http://localhost:10001/"
2020/12/09 18:22:45 [notice] 23004#23820: signal process started
2020/12/09 18:22:45 [error] 23004#23820: OpenEvent("Global\ngx_reload_24200") failed (2: The system cannot find the file specified)
2020/12/09 18:22:49 [notice] 7248#25468: signal process started
2020/12/09 18:22:49 [error] 7248#25468: OpenEvent("Global\ngx_reload_24200") failed (2: The system cannot find the file specified)
2020/12/09 18:23:02 [notice] 34208#27544: signal process started
2020/12/09 18:25:21 [notice] 10012#31156: signal process started
2020/12/09 18:25:21 [error] 10012#31156: OpenEvent("Global\ngx_stop_22580") failed (2: The system cannot find the file specified)
2020/12/09 18:25:33 [notice] 29236#21408: signal process started
2020/12/09 18:25:33 [error] 29236#21408: OpenEvent("Global\ngx_stop_31456") failed (2: The system cannot find the file specified)
2020/12/09 18:25:38 [notice] 22580#17072: signal process started
2020/12/09 18:27:29 [notice] 23624#30672: signal process started
2020/12/09 18:27:34 [notice] 20136#33184: signal process started
2020/12/09 18:27:34 [error] 20136#33184: CreateFile() "E:\nginx-1.18.0/logs/nginx.pid" failed (2: The system cannot find the file specified)
2020/12/09 19:21:55 [error] 35528#3096: *1 CreateFile() "E:\nginx-1.18.0/html/favicon.ico" failed (2: The system cannot find the file specified), client: 127.0.0.1, server: , request: "GET /favicon.ico HTTP/1.1", host: "localhost:10003", referrer: "http://localhost:10003/"
2020/12/09 19:24:10 [error] 27452#12048: *1 CreateFile() "E:\nginx-1.18.0/html/favicon.ico" failed (2: The system cannot find the file specified), client: 127.0.0.1, server: , request: "GET /favicon.ico HTTP/1.1", host: "localhost:10003", referrer: "http://localhost:10003/myfams/"
2020/12/09 19:26:17 [error] 17956#744: *1 CreateFile() "E:\nginx-1.18.0/html/myfams" failed (2: The system cannot find the file specified), client: 127.0.0.1, server: , request: "GET /myfams HTTP/1.1", host: "localhost:10003"
2020/12/09 19:26:17 [error] 17956#744: *1 CreateFile() "E:\nginx-1.18.0/html/myfams" failed (2: The system cannot find the file specified), client: 127.0.0.1, server: , request: "GET /myfams HTTP/1.1", host: "localhost:10003"
2020/12/09 19:26:22 [error] 17956#744: *1 CreateFile() "F:/lp-workspace/gitlab/newframework/dist//myfams/index.html" failed (3: The system cannot find the path specified), client: 127.0.0.1, server: , request: "GET /myfams/index.html HTTP/1.1", host: "localhost:10003"
2020/12/09 19:27:41 [error] 20012#13840: *7 no resolver defined to resolve localhost, client: 192.168.1.52, server: , request: "OPTIONS /myfamsbackend/rest/parameter/recrutiment/web/querySetCodeByUserId HTTP/1.1", host: "192.168.1.52:10003", referrer: "http://localhost:10003/"
2020/12/09 19:27:41 [error] 20012#13840: *8 no resolver defined to resolve localhost, client: 192.168.1.52, server: , request: "OPTIONS /myfamsbackend/rest/organization/tableInfo/web/querySearch HTTP/1.1", host: "192.168.1.52:10003", referrer: "http://localhost:10003/"
2020/12/09 19:27:41 [error] 20012#13840: *9 no resolver defined to resolve localhost, client: 192.168.1.52, server: , request: "OPTIONS /myfamsbackend/rest/organization/user/web/queryPostUser HTTP/1.1", host: "192.168.1.52:10003", referrer: "http://localhost:10003/"
2020/12/09 19:27:41 [error] 20012#13840: *10 no resolver defined to resolve localhost, client: 192.168.1.52, server: , request: "OPTIONS /myfamsbackend/rest/organization/login/web/menuData HTTP/1.1", host: "192.168.1.52:10003", referrer: "http://localhost:10003/"
2020/12/09 19:27:41 [error] 20012#13840: *11 no resolver defined to resolve localhost, client: 192.168.1.52, server: , request: "OPTIONS /myfamsbackend/rest/organization/login/web/queryVersionDesc HTTP/1.1", host: "192.168.1.52:10003", referrer: "http://localhost:10003/"
2020/12/09 19:27:41 [error] 20012#13840: *7 no resolver defined to resolve localhost, client: 192.168.1.52, server: , request: "OPTIONS /myfamsbackend/rest/organization/user/web/getUserInfoById HTTP/1.1", host: "192.168.1.52:10003", referrer: "http://localhost:10003/"
2020/12/09 19:27:41 [error] 20012#13840: *8 no resolver defined to resolve localhost, client: 192.168.1.52, server: , request: "OPTIONS /myfamsbackend/rest/parameter/messagemanage/web/queryValidMessage HTTP/1.1", host: "192.168.1.52:10003", referrer: "http://localhost:10003/"
2020/12/09 19:27:41 [error] 20012#13840: *12 no resolver defined to resolve localhost, client: 192.168.1.52, server: , request: "OPTIONS /myfamsbackend/rest/organization/user/web/queryPermissions HTTP/1.1", host: "192.168.1.52:10003", referrer: "http://localhost:10003/"
2020/12/09 19:28:58 [error] 30404#21588: *7 no resolver defined to resolve localhost, client: 192.168.1.52, server: , request: "OPTIONS /myfamsbackend/rest/parameter/recrutiment/web/querySetCodeByUserId HTTP/1.1", host: "192.168.1.52:10003", referrer: "http://localhost:10003/"
2020/12/09 19:28:58 [error] 30404#21588: *8 no resolver defined to resolve localhost, client: 192.168.1.52, server: , request: "OPTIONS /myfamsbackend/rest/organization/tableInfo/web/querySearch HTTP/1.1", host: "192.168.1.52:10003", referrer: "http://localhost:10003/"
2020/12/09 19:28:58 [error] 30404#21588: *9 no resolver defined to resolve localhost, client: 192.168.1.52, server: , request: "OPTIONS /myfamsbackend/rest/organization/user/web/queryPostUser HTTP/1.1", host: "192.168.1.52:10003", referrer: "http://localhost:10003/"
2020/12/09 19:28:58 [error] 30404#21588: *10 no resolver defined to resolve localhost, client: 192.168.1.52, server: , request: "OPTIONS /myfamsbackend/rest/organization/login/web/menuData HTTP/1.1", host: "192.168.1.52:10003", referrer: "http://localhost:10003/"
2020/12/09 19:28:58 [error] 30404#21588: *11 no resolver defined to resolve localhost, client: 192.168.1.52, server: , request: "OPTIONS /myfamsbackend/rest/organization/login/web/queryVersionDesc HTTP/1.1", host: "192.168.1.52:10003", referrer: "http://localhost:10003/"
2020/12/09 19:28:58 [error] 30404#21588: *7 no resolver defined to resolve localhost, client: 192.168.1.52, server: , request: "OPTIONS /myfamsbackend/rest/organization/user/web/queryPermissions HTTP/1.1", host: "192.168.1.52:10003", referrer: "http://localhost:10003/"
2020/12/09 19:28:58 [error] 30404#21588: *12 no resolver defined to resolve localhost, client: 192.168.1.52, server: , request: "OPTIONS /myfamsbackend/rest/organization/user/web/getUserInfoById HTTP/1.1", host: "192.168.1.52:10003", referrer: "http://localhost:10003/"
2020/12/09 19:28:58 [error] 30404#21588: *8 no resolver defined to resolve localhost, client: 192.168.1.52, server: , request: "OPTIONS /myfamsbackend/rest/parameter/messagemanage/web/queryValidMessage HTTP/1.1", host: "192.168.1.52:10003", referrer: "http://localhost:10003/"
2020/12/09 19:45:49 [error] 25364#29208: *2 CreateFile() "E:\nginx-1.18.0/html/logo-expand.png" failed (2: The system cannot find the file specified), client: 127.0.0.1, server: , request: "GET /logo-expand.png HTTP/1.1", host: "localhost:10003", referrer: "http://localhost:10003/myfams/static/css/index.7ff7f6c9.css"
2020/12/09 19:45:49 [error] 25364#29208: *2 CreateFile() "E:\nginx-1.18.0/html/user/user.jpg" failed (3: The system cannot find the path specified), client: 127.0.0.1, server: , request: "GET /user/user.jpg HTTP/1.1", host: "localhost:10003", referrer: "http://localhost:10003/myfams/index.html"
2020/12/09 19:45:49 [error] 25364#29208: *7 no resolver defined to resolve localhost, client: 192.168.1.52, server: , request: "OPTIONS /myfamsbackend/rest/parameter/recrutiment/web/querySetCodeByUserId HTTP/1.1", host: "192.168.1.52:10003", referrer: "http://localhost:10003/"
2020/12/09 19:45:49 [error] 25364#29208: *8 no resolver defined to resolve localhost, client: 192.168.1.52, server: , request: "OPTIONS /myfamsbackend/rest/organization/tableInfo/web/querySearch HTTP/1.1", host: "192.168.1.52:10003", referrer: "http://localhost:10003/"
2020/12/09 19:45:49 [error] 25364#29208: *9 no resolver defined to resolve localhost, client: 192.168.1.52, server: , request: "OPTIONS /myfamsbackend/rest/organization/user/web/queryPostUser HTTP/1.1", host: "192.168.1.52:10003", referrer: "http://localhost:10003/"
2020/12/09 19:45:49 [error] 25364#29208: *10 no resolver defined to resolve localhost, client: 192.168.1.52, server: , request: "OPTIONS /myfamsbackend/rest/organization/login/web/menuData HTTP/1.1", host: "192.168.1.52:10003", referrer: "http://localhost:10003/"
2020/12/09 19:45:49 [error] 25364#29208: *11 no resolver defined to resolve localhost, client: 192.168.1.52, server: , request: "OPTIONS /myfamsbackend/rest/organization/login/web/queryVersionDesc HTTP/1.1", host: "192.168.1.52:10003", referrer: "http://localhost:10003/"
2020/12/09 19:45:49 [error] 25364#29208: *12 no resolver defined to resolve localhost, client: 192.168.1.52, server: , request: "OPTIONS /myfamsbackend/rest/organization/user/web/queryPermissions HTTP/1.1", host: "192.168.1.52:10003", referrer: "http://localhost:10003/"
2020/12/09 19:45:49 [error] 25364#29208: *7 no resolver defined to resolve localhost, client: 192.168.1.52, server: , request: "OPTIONS /myfamsbackend/rest/organization/user/web/getUserInfoById HTTP/1.1", host: "192.168.1.52:10003", referrer: "http://localhost:10003/"
2020/12/09 19:45:49 [error] 25364#29208: *7 no resolver defined to resolve localhost, client: 192.168.1.52, server: , request: "OPTIONS /myfamsbackend/rest/parameter/messagemanage/web/queryValidMessage HTTP/1.1", host: "192.168.1.52:10003", referrer: "http://localhost:10003/"
2020/12/09 19:45:56 [error] 25364#29208: *7 no resolver defined to resolve localhost, client: 192.168.1.52, server: , request: "OPTIONS /myfamsbackend/rest/organization/login/web/logout HTTP/1.1", host: "192.168.1.52:10003", referrer: "http://localhost:10003/"
2020/12/09 19:47:56 [notice] 34144#34248: signal process started
2020/12/09 19:49:15 [error] 28876#36584: *10 no resolver defined to resolve localhost, client: 192.168.1.52, server: , request: "POST /myfamsbackend/rest/organization/login/web/login HTTP/1.1", host: "192.168.1.52:10003", referrer: "http://localhost:10003/"
